<?xml version="1.0" encoding="utf-8"?><testsuites><testsuite name="pytest" errors="0" failures="0" skipped="0" tests="54" time="0.523" timestamp="2021-06-07T17:07:01.156447" hostname="homeworkstation"><testcase classname="tests.test_packet_crc_signing" name="test_sign_packet_with_crc_key_for_a_random_string_throws_error" time="0.002" /><testcase classname="tests.test_packet_crc_signing" name="test_sign_packet_with_crc_key_for_login_packet_returns_signed_packet" time="0.001" /><testcase classname="tests.test_packet_crc_signing" name="test_sign_packet_with_crc_key_for_get_state_packet_returns_signed_packet" time="0.001" /><testcase classname="tests.test_packet_crc_signing" name="test_sign_packet_with_crc_key_for_send_control_on_with_no_timer_packet_returns_signed_packet" time="0.001" /><testcase classname="tests.test_packet_crc_signing" name="test_sign_packet_with_crc_key_for_send_control_off_packet_returns_signed_packet" time="0.001" /><testcase classname="tests.test_packet_crc_signing" name="test_sign_packet_with_crc_key_for_send_control_on_with_timer_packet_returns_signed_packet" time="0.001" /><testcase classname="tests.test_packet_crc_signing" name="test_sign_packet_with_crc_key_for_set_auto_off_packet_returns_signed_packet" time="0.001" /><testcase classname="tests.test_packet_crc_signing" name="test_sign_packet_with_crc_key_for_set_device_name_packet_returns_signed_packet" time="0.001" /><testcase classname="tests.test_packet_crc_signing" name="test_sign_packet_with_crc_key_for_get_schedules_packet_returns_signed_packet" time="0.001" /><testcase classname="tests.test_utility_functions" name="test_seconds_to_iso_time_with_a_valid_seconds_value_should_return_a_time_string" time="0.001" /><testcase classname="tests.test_utility_functions" name="test_seconds_to_iso_time_with_a_nagative_value_should_throw_a_calculation_error" time="0.001" /><testcase classname="tests.test_utility_functions" name="test_minutes_to_hexadecimal_seconds_with_correct_minutes_should_return_expected_hex_seconds" time="0.001" /><testcase classname="tests.test_utility_functions" name="test_minutes_to_hexadecimal_seconds_with_a_negative_value_should_throw_an_encoding_error" time="0.001" /><testcase classname="tests.test_utility_functions" name="test_timedelta_to_hexadecimal_seconds_with_an_allowed_timedelta_should_return_an_hex_timestamp" time="0.001" /><testcase classname="tests.test_utility_functions" name="test_timedelta_to_hexadecimal_seconds_with_an_out_of_range_value_should_throw_an_encoding_error[out_of_range0]" time="0.001" /><testcase classname="tests.test_utility_functions" name="test_timedelta_to_hexadecimal_seconds_with_an_out_of_range_value_should_throw_an_encoding_error[out_of_range1]" time="0.001" /><testcase classname="tests.test_utility_functions" name="test_string_to_hexadecimale_device_name_with_a_correct_length_name_should_return_a_right_zero_padded_hex_name" time="0.001" /><testcase classname="tests.test_utility_functions" name="test_string_to_hexadecimale_device_name_with_an_unsupported_length_value_should_throw_an_encoding_error[t]" time="0.001" /><testcase classname="tests.test_utility_functions" name="test_string_to_hexadecimale_device_name_with_an_unsupported_length_value_should_throw_an_encoding_error[ttttttttttttttttttttttttttttttttt]" time="0.001" /><testcase classname="tests.test_utility_functions" name="test_current_timestamp_to_hexadecimal_should_return_the_current_timestamp" time="0.001" /><testcase classname="tests.test_utility_functions" name="test_current_timestamp_to_hexadecimal_with_errornous_value_should_throw_a_decoding_error" time="0.001" /><testcase classname="tests.test_utility_functions" name="test_time_to_hexadecimal_timestamp_with_correct_time_should_return_the_expected_timestamp" time="0.004" /><testcase classname="tests.test_utility_functions" name="test_time_to_hexadecimal_timestamp_with_incorrect_time_should_throw_an_encoding_error" time="0.001" /><testcase classname="tests.test_utility_functions" name="test_hexadecimale_timestamp_to_localtime_with_the_current_timestamp_should_return_a_time_string" time="0.001" /><testcase classname="tests.test_utility_functions" name="test_hexadecimale_timestamp_to_localtime_with_wrong_value_should_throw_a_decoding_error" time="0.001" /><testcase classname="tests.test_utility_functions" name="test_weekdays_to_hexadecimal_with_parameterized_weekday_set_should_return_the_expected_sum[Days.MONDAY-2]" time="0.001" /><testcase classname="tests.test_utility_functions" name="test_weekdays_to_hexadecimal_with_parameterized_weekday_set_should_return_the_expected_sum[weekdays1-6]" time="0.001" /><testcase classname="tests.test_utility_functions" name="test_weekdays_to_hexadecimal_with_parameterized_weekday_set_should_return_the_expected_sum[weekdays2-14]" time="0.001" /><testcase classname="tests.test_utility_functions" name="test_weekdays_to_hexadecimal_with_parameterized_weekday_set_should_return_the_expected_sum[weekdays3-30]" time="0.001" /><testcase classname="tests.test_utility_functions" name="test_weekdays_to_hexadecimal_with_parameterized_weekday_set_should_return_the_expected_sum[weekdays4-62]" time="0.001" /><testcase classname="tests.test_utility_functions" name="test_weekdays_to_hexadecimal_with_parameterized_weekday_set_should_return_the_expected_sum[weekdays5-126]" time="0.001" /><testcase classname="tests.test_utility_functions" name="test_weekdays_to_hexadecimal_with_parameterized_weekday_set_should_return_the_expected_sum[weekdays6-254]" time="0.001" /><testcase classname="tests.test_utility_functions" name="test_weekdays_to_hexadecimal_with_empty_collections_should_throw_an_encoding_error[empty_collection0]" time="0.001" /><testcase classname="tests.test_utility_functions" name="test_weekdays_to_hexadecimal_with_empty_collections_should_throw_an_encoding_error[empty_collection1]" time="0.001" /><testcase classname="tests.test_utility_functions" name="test_weekdays_to_hexadecimal_with_empty_collections_should_throw_an_encoding_error[empty_collection2]" time="0.001" /><testcase classname="tests.test_utility_functions" name="test_weekdays_to_hexadecimal_with_empty_collections_should_throw_an_encoding_error[empty_collection3]" time="0.001" /><testcase classname="tests.test_utility_functions" name="test_weekdays_to_hexadecimal_with_duplicate_members_should_throw_an_encoding_error[duplicate_members0]" time="0.001" /><testcase classname="tests.test_utility_functions" name="test_weekdays_to_hexadecimal_with_duplicate_members_should_throw_an_encoding_error[duplicate_members1]" time="0.001" /><testcase classname="tests.test_utility_functions" name="test_bit_summary_to_days_with_parameterized_sum_should_return_the_expected_weekday_set[2-expected_weekdays0]" time="0.001" /><testcase classname="tests.test_utility_functions" name="test_bit_summary_to_days_with_parameterized_sum_should_return_the_expected_weekday_set[6-expected_weekdays1]" time="0.001" /><testcase classname="tests.test_utility_functions" name="test_bit_summary_to_days_with_parameterized_sum_should_return_the_expected_weekday_set[14-expected_weekdays2]" time="0.001" /><testcase classname="tests.test_utility_functions" name="test_bit_summary_to_days_with_parameterized_sum_should_return_the_expected_weekday_set[30-expected_weekdays3]" time="0.001" /><testcase classname="tests.test_utility_functions" name="test_bit_summary_to_days_with_parameterized_sum_should_return_the_expected_weekday_set[62-expected_weekdays4]" time="0.001" /><testcase classname="tests.test_utility_functions" name="test_bit_summary_to_days_with_parameterized_sum_should_return_the_expected_weekday_set[126-expected_weekdays5]" time="0.001" /><testcase classname="tests.test_utility_functions" name="test_bit_summary_to_days_with_parameterized_sum_should_return_the_expected_weekday_set[254-expected_weekdays6]" time="0.001" /><testcase classname="tests.test_utility_functions" name="test_bit_summary_to_days_with_wrong_bit_sum_parameterized_value[1]" time="0.001" /><testcase classname="tests.test_utility_functions" name="test_bit_summary_to_days_with_wrong_bit_sum_parameterized_value[255]" time="0.001" /><testcase classname="tests.test_weekdays" name="test_the_and_verify_the_paramerized_member_of_the_days_enum[Days.MONDAY-Monday-2-2-0]" time="0.001" /><testcase classname="tests.test_weekdays" name="test_the_and_verify_the_paramerized_member_of_the_days_enum[Days.TUESDAY-Tuesday-4-4-1]" time="0.001" /><testcase classname="tests.test_weekdays" name="test_the_and_verify_the_paramerized_member_of_the_days_enum[Days.WEDNESDAY-Wednesday-8-8-2]" time="0.001" /><testcase classname="tests.test_weekdays" name="test_the_and_verify_the_paramerized_member_of_the_days_enum[Days.THURSDAY-Thursday-16-16-3]" time="0.001" /><testcase classname="tests.test_weekdays" name="test_the_and_verify_the_paramerized_member_of_the_days_enum[Days.FRIDAY-Friday-32-32-4]" time="0.001" /><testcase classname="tests.test_weekdays" name="test_the_and_verify_the_paramerized_member_of_the_days_enum[Days.SATURDAY-Saturday-64-64-5]" time="0.001" /><testcase classname="tests.test_weekdays" name="test_the_and_verify_the_paramerized_member_of_the_days_enum[Days.SUNDAY-Sunday-128-128-6]" time="0.001" /></testsuite></testsuites><!--
<!--
-- Copyright Tomer Figenblat.
--
-- Licensed under the Apache License, Version 2.0 (the "License");
-- you may not use this file except in compliance with the License.
-- You may obtain a copy of the License at
--
--     http://www.apache.org/licenses/LICENSE-2.0
--
-- Unless required by applicable law or agreed to in writing, software
-- distributed under the License is distributed on an "AS IS" BASIS,
-- WITHOUT WARRANTIES OR CONDITIONS OF ANY KIND, either express or implied.
-- See the License for the specific language governing permissions and
-- limitations under the License.
  -->
-- Copyright Tomer Figenblat.
-- Licensed under the Apache License, Version 2.0 (the "License");
-- you may not use this file except in compliance with the License.
-- You may obtain a copy of the License at
--     http://www.apache.org/licenses/LICENSE-2.0
-- Unless required by applicable law or agreed to in writing, software
-- distributed under the License is distributed on an "AS IS" BASIS,
-- WITHOUT WARRANTIES OR CONDITIONS OF ANY KIND, either express or implied.
-- See the License for the specific language governing permissions and
-- limitations under the License.
  -->
